// Jest Snapshot v1, https://goo.gl/fbAQLP

exports[`MainView matches snapshot 1`] = `
<ForwardRef(render)>
  <div
    className="container"
  >
    <Section
      className="summary-section"
      title="Summary"
    >
      [Section Content]
    </Section>
    <Section
      className="monthly-sales-section"
      title="Monthly Sales"
    >
      [Section Content]
    </Section>
  </div>
  <div
    className="container"
  >
    <Section
      className="most-popular-offers-section"
      title="Most popular offers"
    >
      [Section Content]
    </Section>
    <Section
      className="payment-methods-section"
      title="Payment methods"
    >
      [Section Content]
    </Section>
    <Section
      className="devices-section"
      title="Devices"
    >
      [Section Content]
    </Section>
  </div>
  <Section
    className="revenue-section"
    title="Revenue"
  >
    [Section Content]
  </Section>
  <Section
    className="geography-section"
    title="Geography"
  >
    [Section Content]
  </Section>
</ForwardRef(render)>
`;
