// Jest Snapshot v1, https://goo.gl/fbAQLP

exports[`LineChartSection matches snapshot with mock data 1`] = `
<Section
  className="revenue-section-wrapper"
  title="Revenue This Month vs Revenue Previous Month"
>
  <LineChart
    barCategoryGap="10%"
    barGap={4}
    data={
      Array [
        Object {
          "Last month": 2156.75,
          "This month": 34997.48,
          "x": 1,
        },
        Object {
          "Last month": 4688.6,
          "This month": 34997.12,
          "x": 2,
        },
        Object {
          "Last month": 12045.43,
          "This month": 49449.76,
          "x": 3,
        },
        Object {
          "Last month": 33516.68,
          "This month": 62774.3,
          "x": 4,
        },
      ]
    }
    height={300}
    layout="horizontal"
    margin={
      Object {
        "bottom": 5,
        "left": 20,
        "right": 30,
        "top": 5,
      }
    }
    reverseStackOrder={false}
    stackOffset="none"
    width={600}
  >
    <XAxis
      allowDataOverflow={false}
      allowDecimals={true}
      allowDuplicatedCategory={true}
      dataKey="x"
      domain={
        Array [
          0,
          "auto",
        ]
      }
      height={30}
      hide={false}
      mirror={false}
      orientation="bottom"
      padding={
        Object {
          "left": 0,
          "right": 0,
        }
      }
      reversed={false}
      scale="auto"
      tickCount={5}
      type="category"
      width={0}
      xAxisId={0}
    />
    <YAxis
      allowDataOverflow={false}
      allowDecimals={true}
      allowDuplicatedCategory={true}
      domain={
        Array [
          0,
          "auto",
        ]
      }
      height={0}
      hide={false}
      mirror={false}
      orientation="left"
      padding={
        Object {
          "bottom": 0,
          "top": 0,
        }
      }
      reversed={false}
      scale="auto"
      tickCount={5}
      type="number"
      width={60}
      yAxisId={0}
    />
    <CartesianGrid
      fill="none"
      horizontal={true}
      horizontalFill={Array []}
      horizontalPoints={Array []}
      stroke="#ccc"
      strokeDasharray="3 3"
      vertical={true}
      verticalFill={Array []}
      verticalPoints={Array []}
    />
    <Tooltip
      active={false}
      animationDuration={400}
      animationEasing="ease"
      contentStyle={Object {}}
      coordinate={
        Object {
          "x": 0,
          "y": 0,
        }
      }
      cursor={true}
      cursorStyle={Object {}}
      filterNull={true}
      isAnimationActive={true}
      itemSorter={[Function]}
      itemStyle={Object {}}
      labelStyle={Object {}}
      offset={10}
      separator=" : "
      useTranslate3d={false}
      viewBox={
        Object {
          "x1": 0,
          "x2": 0,
          "y1": 0,
          "y2": 0,
        }
      }
      wrapperStyle={Object {}}
    />
    <Legend
      align="center"
      iconSize={14}
      layout="horizontal"
      verticalAlign="bottom"
    />
    <Line
      activeDot={true}
      animateNewValues={true}
      animationBegin={0}
      animationDuration={1500}
      animationEasing="ease"
      connectNulls={false}
      dataKey="This month"
      dot={true}
      fill="#fff"
      hide={false}
      isAnimationActive={true}
      legendType="line"
      onAnimationEnd={[Function]}
      onAnimationStart={[Function]}
      points={Array []}
      stroke="#5db990"
      strokeWidth={1}
      type="monotone"
      xAxisId={0}
      yAxisId={0}
    />
    <Line
      activeDot={true}
      animateNewValues={true}
      animationBegin={0}
      animationDuration={1500}
      animationEasing="ease"
      connectNulls={false}
      dataKey="Last month"
      dot={true}
      fill="#fff"
      hide={false}
      isAnimationActive={true}
      legendType="line"
      onAnimationEnd={[Function]}
      onAnimationStart={[Function]}
      points={Array []}
      stroke="#558ca0"
      strokeWidth={1}
      type="monotone"
      xAxisId={0}
      yAxisId={0}
    />
  </LineChart>
</Section>
`;
